exp-drd, a data race detector.

Conflicting load by main at 0x........ size 8
   at 0x........: (within /home/sewardj/VgTRUNK/trunk/exp-drd/tests/fp_race)
   by 0x........: main (fp_race.cpp:?)
Allocation context: unknown
Other segment start (thread_func)
   at 0x........: clone (in /...libc...)
   by 0x........: (within libpthread-?.?.so)
   by 0x........: ???
Other segment end (thread_func)
   at 0x........: (within libpthread-?.?.so)
   by 0x........: pthread_mutex_lock (drd_preloaded.c:?)
   by 0x........: thread_func(void*) (fp_race.cpp:?)
   by 0x........: vg_thread_wrapper (drd_preloaded.c:?)
   by 0x........: start_thread (in libpthread-?.?.so)
   by 0x........: clone (in /...libc...)

ERROR SUMMARY: 1 errors from 1 contexts (suppressed: 0 from 0)
