exp-drd, a data race detector.

Thread 3:
Conflicting load by thread_func2[0] at 0x........ size 8
   at 0x........: (within libpthread-?.?.so)
   by 0x........: start_thread (in libpthread-?.?.so)
   by 0x........: clone (in /...libc...)
Allocation context: /lib64/libpthread-2.5.so, libpthread.so.0:Text
Other segment start (thread_func1[0])
   (thread finished, call stack no longer available)
Other segment end (thread_func1[0])
   (thread finished, call stack no longer available)

ERROR SUMMARY: 1 errors from 1 contexts (suppressed: 0 from 0)
