exp-drd, a data race detector.

Conflicting load by thread 1 at 0x........ size 8
   at 0x........: (within /home/sewardj/VgTRUNK/trunk/exp-drd/tests/sigalrm)
   by 0x........: main (sigalrm.cpp:?)
Allocation context: unknown
Other segment start (thread 2)
   at 0x........: clone (in /...libc...)
   by 0x........: (within libpthread-?.?.so)
   by 0x........: ???
Other segment end (thread 2)
   at 0x........: clock_nanosleep (in /lib64/librt-2.5.so)
   by 0x........: thread_func(void*) (sigalrm.cpp:?)
   by 0x........: vg_thread_wrapper (drd_preloaded.c:?)
   by 0x........: start_thread (in libpthread-?.?.so)
   by 0x........: clone (in /...libc...)

Thread 2:
Conflicting load by thread 2 at 0x........ size 8
   at 0x........: SignalHandler(int) (sigalrm.cpp:?)
Allocation context: stack of thread 2, offset -6320
Other segment start (thread 1)
   at 0x........: clone (in /...libc...)
   by 0x........: do_clone (in libpthread-?.?.so)
   by 0x........: pthread_create@@GLIBC_2.2.5 (in libpthread-?.?.so)
   by 0x........: pthread_create@* (drd_preloaded.c:?)
   by 0x........: main (sigalrm.cpp:?)
Other segment end (thread 1)
   at 0x........: pthread_join (in libpthread-?.?.so)
   by 0x........: pthread_join (drd_preloaded.c:?)
   by 0x........: main (sigalrm.cpp:?)

ERROR SUMMARY: 2 errors from 2 contexts (suppressed: 0 from 0)
